/* 从error code 到sqlstate的映射表，
 * { error_code, jdbc_state, odbc_state }
 *
 * Constraint:
 * 1. 0 <= error_code < MAX_ERROR_CODE
 * 2. strlen(state) == 5
 */
ADD_SQLSTATE(SUCCESS, "HY000", "S1000");
ADD_SQLSTATE(ERR_COL_DESC, "HY000", "S1000");
ADD_SQLSTATE(ROW_ID_NOT_FOUND, "HY000", "S1000");
ADD_SQLSTATE(ERR_COL_INDEX, "HY000", "S1000");
ADD_SQLSTATE(ERR_ROW_DESC, "HY000", "S1000");
ADD_SQLSTATE(ROW_DATA_TOO_LONG, "HY000", "S1000");
ADD_SQLSTATE(NO_MORE_PAGE_FREE_SPACE, "HY000", "S1000");
ADD_SQLSTATE(NO_MORE_ROWS, "HY000", "S1000");
ADD_SQLSTATE(TABLE_FILE_NOT_EXISTS, "HY000", "S1000");
ADD_SQLSTATE(UNKNOWN_PAGE_OFFSET, "HY000", "S1000");
ADD_SQLSTATE(BAD_PAGE_IN_FILE, "HY000", "S1000");
ADD_SQLSTATE(WRITE_PAGE_ERROR, "HY000", "S1000");
ADD_SQLSTATE(END_OF_TABLE_SPACE, "HY000", "S1000");
ADD_SQLSTATE(ROW_ID_DELETED, "HY000", "S1000");
ADD_SQLSTATE(EMPTY_TABLE_SPACE, "HY000", "S1000");
ADD_SQLSTATE(WRONG_CALC_FOR_OP, "HY000", "S1000");
ADD_SQLSTATE(INVALID_OBJECT, "HY000", "S1000");
ADD_SQLSTATE(OPERATION_NOT_SUPPORT, "HY000", "S1000");
ADD_SQLSTATE(DEVISOR_IS_ZERO, "HY000", "S1000");
ADD_SQLSTATE(ROW_NOT_FOUND, "HY000", "S1000");
ADD_SQLSTATE(ERROR_OPERATION_IN_EUQAL_JOIN_CONDITION, "HY000", "S1000");
ADD_SQLSTATE(ERR_EXPR_TYPE, "HY000", "S1000");
ADD_SQLSTATE(ERR_BUCKET_IDX, "HY000", "S1000");
ADD_SQLSTATE(UNKNOWN_AGG_FUNC, "HY000", "S1000");
ADD_SQLSTATE(EXPR_CALC_ERR, "HY000", "S1000");
ADD_SQLSTATE(ERROR_LEX_STMT, "HY000", "S1000");
ADD_SQLSTATE(ERROR_COLUMN_VALUE, "HY000", "S1000");
ADD_SQLSTATE(PLAN_NOT_BUILD, "HY000", "S1000");
ADD_SQLSTATE(COLUMN_NOT_EXISTS, "HY000", "S1000");
ADD_SQLSTATE(TABLE_NOT_EXISTS, "HY000", "S1000");
ADD_SQLSTATE(TABLE_REDEFINE, "HY000", "S1000");
ADD_SQLSTATE(JOIN_TABLES_NOT_EXISTS, "HY000", "S1000");
ADD_SQLSTATE(NOT_UNIQUE_TABLE, "HY000", "S1000");
ADD_SQLSTATE(NO_TABLE_FOR_SELECT, "HY000", "S1000");
ADD_SQLSTATE(HAVING_ERROR, "HY000", "S1000");
ADD_SQLSTATE(HAVE_ALL_COLUMN_STMT, "HY000", "S1000");
ADD_SQLSTATE(ERROR_INDEX, "HY000", "S1000");
ADD_SQLSTATE(SYSTEM_SCHEMA_ERROR, "HY000", "S1000");
ADD_SQLSTATE(DATABASE_EXISTS, "HY000", "S1000");
ADD_SQLSTATE(DATABASE_NOT_EXISTS, "HY000", "S1000");
ADD_SQLSTATE(TABLE_EXISTS, "HY000", "S1000");
ADD_SQLSTATE(SUBQUERY_RESULT_MUST_BE_ONE_COLUMN, "HY000", "S1000");
ADD_SQLSTATE(SUBQUERY_RESULT_MUST_BE_ONE_ROW, "HY000", "S1000");
ADD_SQLSTATE(END_OF_BUCKETS, "HY000", "S1000");
ADD_SQLSTATE(SET_ROW_DESC_ERROR, "HY000", "S1000");
ADD_SQLSTATE(CAN_NOT_ANALYZE_SYSTEM, "HY000", "S1000");
ADD_SQLSTATE(CAST_DATA_ERROR, "HY000", "S1000");
ADD_SQLSTATE(CAN_NOT_REWRITE, "HY000", "S1000");
ADD_SQLSTATE(UNKNOWN_PAGE_BUFFER, "HY000", "S1000");
ADD_SQLSTATE(SIZE_OVERFLOW, "HY000", "S1000");
ADD_SQLSTATE(OBJ_TYPE_ERROR, "HY000", "S1000");
ADD_SQLSTATE(ERR_UNEXPECTED, "HY000", "S1000");
ADD_SQLSTATE(INVALID_ARGUMENT, "HY000", "S1000");